[0.020s] Invoking command in '/home/kuanghaoze/d2lros2/game_ws/build/kuang_interfaces': /usr/bin/cmake /home/kuanghaoze/d2lros2/game_ws/kuang_interfaces -DCMAKE_INSTALL_PREFIX=/home/kuanghaoze/d2lros2/game_ws/install/kuang_interfaces
[0.044s] -- Found ament_cmake: 1.3.5 (/opt/ros/humble/share/ament_cmake/cmake)
[0.261s] -- Found std_msgs: 4.2.3 (/opt/ros/humble/share/std_msgs/cmake)
[0.319s] -- Found rosidl_generator_c: 3.1.4 (/opt/ros/humble/share/rosidl_generator_c/cmake)
[0.323s] -- Found rosidl_adapter: 3.1.4 (/opt/ros/humble/share/rosidl_adapter/cmake)
[0.332s] -- Found rosidl_generator_cpp: 3.1.4 (/opt/ros/humble/share/rosidl_generator_cpp/cmake)
[0.346s] -- Using all available rosidl_typesupport_c: rosidl_typesupport_fastrtps_c;rosidl_typesupport_introspection_c
[0.367s] -- Using all available rosidl_typesupport_cpp: rosidl_typesupport_fastrtps_cpp;rosidl_typesupport_introspection_cpp
[0.446s] -- Found geometry_msgs: 4.2.3 (/opt/ros/humble/share/geometry_msgs/cmake)
[0.506s] -- Found rosidl_default_generators: 1.2.0 (/opt/ros/humble/share/rosidl_default_generators/cmake)
[0.811s] Error parsing '/home/kuanghaoze/d2lros2/game_ws/kuang_interfaces/package.xml':
[0.871s] Traceback (most recent call last):
[0.871s]   File "/usr/lib/python3/dist-packages/catkin_pkg/package.py", line 610, in parse_package_string
[0.877s]     root = dom.parseString(data)
[0.877s]   File "/usr/lib/python3.10/xml/dom/minidom.py", line 2000, in parseString
[0.878s]     return expatbuilder.parseString(string)
[0.878s]   File "/usr/lib/python3.10/xml/dom/expatbuilder.py", line 925, in parseString
[0.879s]     return builder.parseString(string)
[0.879s]   File "/usr/lib/python3.10/xml/dom/expatbuilder.py", line 223, in parseString
[0.879s]     parser.Parse(string, True)
[0.879s] xml.parsers.expat.ExpatError: mismatched tag: line 16, column 64
[0.879s] 
[0.880s] During handling of the above exception, another exception occurred:
[0.880s] 
[0.880s] Traceback (most recent call last):
[0.880s]   File "/opt/ros/humble/share/ament_cmake_core/cmake/core/package_xml_2_cmake.py", line 150, in <module>
[0.880s]     main()
[0.880s]   File "/opt/ros/humble/share/ament_cmake_core/cmake/core/package_xml_2_cmake.py", line 53, in main
[0.880s]     raise e
[0.880s]   File "/opt/ros/humble/share/ament_cmake_core/cmake/core/package_xml_2_cmake.py", line 49, in main
[0.881s]     package = parse_package_string(
[0.881s]   File "/usr/lib/python3/dist-packages/catkin_pkg/package.py", line 612, in parse_package_string
[0.881s]     raise InvalidPackage('The manifest contains invalid XML:\n%s' % ex, filename)
[0.881s] catkin_pkg.package.InvalidPackage: Error(s) in package '/home/kuanghaoze/d2lros2/game_ws/kuang_interfaces/package.xml':
[0.881s] The manifest contains invalid XML:
[0.881s] mismatched tag: line 16, column 64
[0.914s] [31mCMake Error at /opt/ros/humble/share/ament_cmake_core/cmake/core/ament_package_xml.cmake:95 (message):
[0.915s]   execute_process(/usr/bin/python3.10
[0.915s]   /opt/ros/humble/share/ament_cmake_core/cmake/core/package_xml_2_cmake.py
[0.915s]   /home/kuanghaoze/d2lros2/game_ws/kuang_interfaces/package.xml
[0.915s]   /home/kuanghaoze/d2lros2/game_ws/build/kuang_interfaces/ament_cmake_core/package.cmake)
[0.916s]   returned error code 1
[0.916s] Call Stack (most recent call first):
[0.916s]   /opt/ros/humble/share/ament_cmake_core/cmake/core/ament_package_xml.cmake:49 (_ament_package_xml)
[0.916s]   /opt/ros/humble/share/rosidl_cmake/cmake/rosidl_generate_interfaces.cmake:226 (ament_package_xml)
[0.916s]   CMakeLists.txt:20 (rosidl_generate_interfaces)
[0.917s] 
[0.917s] [0m
[0.917s] -- Configuring incomplete, errors occurred!
[0.917s] See also "/home/kuanghaoze/d2lros2/game_ws/build/kuang_interfaces/CMakeFiles/CMakeOutput.log".
[0.932s] Invoked command in '/home/kuanghaoze/d2lros2/game_ws/build/kuang_interfaces' returned '1': /usr/bin/cmake /home/kuanghaoze/d2lros2/game_ws/kuang_interfaces -DCMAKE_INSTALL_PREFIX=/home/kuanghaoze/d2lros2/game_ws/install/kuang_interfaces
